mode: set
github.com/audit-log-service/cmd/common/repo.go:15.43,24.16 8 0
github.com/audit-log-service/cmd/common/repo.go:24.16,25.57 1 0
github.com/audit-log-service/cmd/common/repo.go:29.2,30.16 2 0
github.com/audit-log-service/cmd/common/repo.go:30.16,31.64 1 0
github.com/audit-log-service/cmd/common/repo.go:34.2,42.27 7 0
github.com/audit-log-service/cmd/common/repo.go:46.41,47.34 1 0
github.com/audit-log-service/cmd/common/repo.go:47.34,48.44 1 0
github.com/audit-log-service/cmd/common/repo.go:48.44,50.4 1 0
github.com/audit-log-service/cmd/common/repo.go:52.2,52.12 1 0
github.com/audit-log-service/cmd/common/repo.go:56.66,57.34 1 0
github.com/audit-log-service/cmd/common/repo.go:57.34,59.17 2 0
github.com/audit-log-service/cmd/common/repo.go:59.17,61.4 1 0
github.com/audit-log-service/cmd/common/repo.go:63.2,63.12 1 0
github.com/audit-log-service/cmd/auditlogconsumer/main.go:21.13,35.12 6 0
github.com/audit-log-service/cmd/auditlogconsumer/main.go:35.12,39.3 3 0
github.com/audit-log-service/cmd/auditlogconsumer/main.go:41.2,42.19 2 0
github.com/audit-log-service/cmd/auditlogconsumer/main.go:42.19,44.3 1 0
github.com/audit-log-service/cmd/auditlogconsumer/main.go:45.2,46.17 2 0
github.com/audit-log-service/cmd/auditlogconsumer/main.go:46.17,48.3 1 0
github.com/audit-log-service/cmd/auditlogconsumer/main.go:49.2,50.19 2 0
github.com/audit-log-service/cmd/auditlogconsumer/main.go:50.19,52.3 1 0
github.com/audit-log-service/cmd/auditlogconsumer/main.go:54.2,55.16 2 0
github.com/audit-log-service/cmd/auditlogconsumer/main.go:55.16,57.3 1 0
github.com/audit-log-service/cmd/auditlogconsumer/main.go:58.2,68.12 7 0
github.com/audit-log-service/cmd/auditlogconsumer/main.go:68.12,72.3 3 0
github.com/audit-log-service/cmd/auditlogconsumer/main.go:74.2,74.6 1 0
github.com/audit-log-service/cmd/auditlogconsumer/main.go:74.6,75.75 1 0
github.com/audit-log-service/cmd/auditlogconsumer/main.go:75.75,77.9 2 0
github.com/audit-log-service/cmd/auditlogconsumer/main.go:79.3,79.23 1 0
github.com/audit-log-service/cmd/auditlogconsumer/main.go:79.23,80.9 1 0
github.com/audit-log-service/cmd/auditlogconsumer/main.go:84.2,84.44 1 0
github.com/audit-log-service/cmd/auditlogconsumer/main.go:92.85,92.99 1 0
github.com/audit-log-service/cmd/auditlogconsumer/main.go:93.85,93.99 1 0
github.com/audit-log-service/cmd/auditlogconsumer/main.go:95.129,96.40 1 0
github.com/audit-log-service/cmd/auditlogconsumer/main.go:96.40,99.17 3 0
github.com/audit-log-service/cmd/auditlogconsumer/main.go:99.17,101.12 2 0
github.com/audit-log-service/cmd/auditlogconsumer/main.go:103.3,104.17 2 0
github.com/audit-log-service/cmd/auditlogconsumer/main.go:104.17,106.12 2 0
github.com/audit-log-service/cmd/auditlogconsumer/main.go:108.3,108.35 1 0
github.com/audit-log-service/cmd/auditlogconsumer/main.go:110.2,110.12 1 0
github.com/audit-log-service/cmd/producer-payment/main.go:26.13,28.40 1 0
github.com/audit-log-service/cmd/producer-payment/main.go:28.40,30.3 1 0
github.com/audit-log-service/cmd/producer-payment/main.go:33.2,42.36 4 0
github.com/audit-log-service/cmd/producer-payment/main.go:42.36,44.3 1 0
github.com/audit-log-service/cmd/producer-payment/main.go:47.2,48.16 2 0
github.com/audit-log-service/cmd/producer-payment/main.go:48.16,50.3 1 0
github.com/audit-log-service/cmd/producer-payment/main.go:51.2,64.12 9 0
github.com/audit-log-service/cmd/producer-payment/main.go:64.12,68.3 3 0
github.com/audit-log-service/cmd/producer-payment/main.go:71.2,75.6 4 0
github.com/audit-log-service/cmd/producer-payment/main.go:75.6,76.10 1 0
github.com/audit-log-service/cmd/producer-payment/main.go:77.21,79.10 2 0
github.com/audit-log-service/cmd/producer-payment/main.go:80.19,81.60 1 0
github.com/audit-log-service/cmd/producer-payment/main.go:81.60,83.13 2 0
github.com/audit-log-service/cmd/producer-payment/main.go:85.4,87.44 2 0
github.com/audit-log-service/cmd/producer-payment/main.go:87.44,90.5 2 0
github.com/audit-log-service/cmd/producer-payment/main.go:96.62,129.59 7 0
github.com/audit-log-service/cmd/producer-payment/main.go:129.59,131.3 1 0
github.com/audit-log-service/cmd/producer-payment/main.go:133.2,135.12 2 0
github.com/audit-log-service/cmd/producer-payment/main.go:139.38,142.2 2 0
github.com/audit-log-service/cmd/producer-payment/main.go:145.31,148.2 2 0
github.com/audit-log-service/cmd/producer-payment/main.go:151.42,152.42 1 0
github.com/audit-log-service/cmd/producer-payment/main.go:152.42,154.3 1 0
github.com/audit-log-service/cmd/producer-payment/main.go:155.2,155.17 1 0
github.com/audit-log-service/cmd/producer-user/main.go:26.13,28.40 1 0
github.com/audit-log-service/cmd/producer-user/main.go:28.40,30.3 1 0
github.com/audit-log-service/cmd/producer-user/main.go:33.2,42.36 4 0
github.com/audit-log-service/cmd/producer-user/main.go:42.36,44.3 1 0
github.com/audit-log-service/cmd/producer-user/main.go:47.2,48.16 2 0
github.com/audit-log-service/cmd/producer-user/main.go:48.16,50.3 1 0
github.com/audit-log-service/cmd/producer-user/main.go:51.2,64.12 9 0
github.com/audit-log-service/cmd/producer-user/main.go:64.12,68.3 3 0
github.com/audit-log-service/cmd/producer-user/main.go:71.2,75.6 4 0
github.com/audit-log-service/cmd/producer-user/main.go:75.6,76.10 1 0
github.com/audit-log-service/cmd/producer-user/main.go:77.21,79.10 2 0
github.com/audit-log-service/cmd/producer-user/main.go:80.19,81.57 1 0
github.com/audit-log-service/cmd/producer-user/main.go:81.57,83.13 2 0
github.com/audit-log-service/cmd/producer-user/main.go:85.4,87.44 2 0
github.com/audit-log-service/cmd/producer-user/main.go:87.44,90.5 2 0
github.com/audit-log-service/cmd/producer-user/main.go:96.59,123.59 6 0
github.com/audit-log-service/cmd/producer-user/main.go:123.59,125.3 1 0
github.com/audit-log-service/cmd/producer-user/main.go:127.2,128.12 2 0
github.com/audit-log-service/cmd/producer-user/main.go:132.42,133.42 1 0
github.com/audit-log-service/cmd/producer-user/main.go:133.42,135.3 1 0
github.com/audit-log-service/cmd/producer-user/main.go:136.2,136.17 1 0
github.com/audit-log-service/cmd/serverd/main.go:17.13,40.86 10 0
github.com/audit-log-service/cmd/serverd/main.go:40.86,42.3 1 0
github.com/audit-log-service/cmd/serverd/main.go:45.42,46.34 1 0
github.com/audit-log-service/cmd/serverd/main.go:46.34,48.3 1 0
github.com/audit-log-service/cmd/serverd/main.go:49.2,49.17 1 0
github.com/audit-log-service/cmd/serverd/main.go:52.32,55.2 2 0
github.com/audit-log-service/cmd/serverd/router/new.go:19.10,25.2 3 0
github.com/audit-log-service/cmd/serverd/router/router.go:10.39,15.2 3 0
github.com/audit-log-service/cmd/serverd/router/router.go:15.2,16.44 1 0
github.com/audit-log-service/cmd/serverd/router/router.go:16.44,16.81 1 0
github.com/audit-log-service/cmd/serverd/router/router.go:20.2,22.2 3 0
github.com/audit-log-service/cmd/serverd/router/router.go:22.2,24.3 1 0
github.com/audit-log-service/cmd/serverd/router/router.go:26.2,26.15 1 0
github.com/audit-log-service/cmd/serverd/router/router.go:30.42,31.30 1 0
github.com/audit-log-service/cmd/serverd/router/router.go:31.30,33.72 2 0
github.com/audit-log-service/cmd/serverd/router/router.go:33.72,36.4 2 0
github.com/audit-log-service/cmd/serverd/router/router.go:37.3,38.18 2 0
github.com/audit-log-service/cmd/serverd/router/router.go:38.18,41.4 2 0
github.com/audit-log-service/cmd/serverd/router/router.go:43.3,43.11 1 0
github.com/audit-log-service/internal/controller/auditlog/get.go:10.106,12.2 1 1
github.com/audit-log-service/internal/controller/auditlog/handle_audit_log_message.go:10.84,11.73 1 1
github.com/audit-log-service/internal/controller/auditlog/handle_audit_log_message.go:11.73,13.3 1 1
github.com/audit-log-service/internal/controller/auditlog/handle_audit_log_message.go:14.2,14.12 1 1
github.com/audit-log-service/internal/controller/auditlog/mock_Controller.go:18.118,21.19 2 0
github.com/audit-log-service/internal/controller/auditlog/mock_Controller.go:21.19,22.54 1 0
github.com/audit-log-service/internal/controller/auditlog/mock_Controller.go:25.2,27.102 3 0
github.com/audit-log-service/internal/controller/auditlog/mock_Controller.go:27.102,29.3 1 0
github.com/audit-log-service/internal/controller/auditlog/mock_Controller.go:30.2,30.93 1 0
github.com/audit-log-service/internal/controller/auditlog/mock_Controller.go:30.93,32.3 1 0
github.com/audit-log-service/internal/controller/auditlog/mock_Controller.go:32.8,33.24 1 0
github.com/audit-log-service/internal/controller/auditlog/mock_Controller.go:33.24,35.4 1 0
github.com/audit-log-service/internal/controller/auditlog/mock_Controller.go:38.2,38.82 1 0
github.com/audit-log-service/internal/controller/auditlog/mock_Controller.go:38.82,40.3 1 0
github.com/audit-log-service/internal/controller/auditlog/mock_Controller.go:40.8,42.3 1 0
github.com/audit-log-service/internal/controller/auditlog/mock_Controller.go:44.2,44.15 1 0
github.com/audit-log-service/internal/controller/auditlog/mock_Controller.go:48.96,51.19 2 0
github.com/audit-log-service/internal/controller/auditlog/mock_Controller.go:51.19,52.63 1 0
github.com/audit-log-service/internal/controller/auditlog/mock_Controller.go:55.2,56.76 2 0
github.com/audit-log-service/internal/controller/auditlog/mock_Controller.go:56.76,58.3 1 0
github.com/audit-log-service/internal/controller/auditlog/mock_Controller.go:58.8,60.3 1 0
github.com/audit-log-service/internal/controller/auditlog/mock_Controller.go:62.2,62.11 1 0
github.com/audit-log-service/internal/controller/auditlog/mock_Controller.go:70.20,74.19 3 0
github.com/audit-log-service/internal/controller/auditlog/mock_Controller.go:74.19,74.49 1 0
github.com/audit-log-service/internal/controller/auditlog/mock_Controller.go:76.2,76.13 1 0
github.com/audit-log-service/internal/controller/auditlog/new.go:27.14,31.2 1 1
github.com/audit-log-service/internal/model/audit_message.go:25.50,27.2 1 0
github.com/audit-log-service/internal/model/audit_message.go:30.51,33.16 3 0
github.com/audit-log-service/internal/model/audit_message.go:33.16,35.3 1 0
github.com/audit-log-service/internal/model/audit_message.go:36.2,36.18 1 0
github.com/audit-log-service/internal/model/audit_message.go:40.48,63.2 4 0
github.com/audit-log-service/internal/model/filter_criteria.go:19.40,20.20 1 0
github.com/audit-log-service/internal/model/filter_criteria.go:20.20,22.3 1 0
github.com/audit-log-service/internal/model/filter_criteria.go:23.2,23.11 1 0
github.com/audit-log-service/internal/model/filter_criteria.go:27.41,28.34 1 0
github.com/audit-log-service/internal/model/filter_criteria.go:28.34,30.3 1 0
github.com/audit-log-service/internal/model/filter_criteria.go:31.2,31.10 1 0
github.com/audit-log-service/internal/repository/mock_Registry.go:16.59,19.19 2 1
github.com/audit-log-service/internal/repository/mock_Registry.go:19.19,20.53 1 0
github.com/audit-log-service/internal/repository/mock_Registry.go:23.2,24.59 2 1
github.com/audit-log-service/internal/repository/mock_Registry.go:24.59,26.3 1 0
github.com/audit-log-service/internal/repository/mock_Registry.go:26.8,27.24 1 1
github.com/audit-log-service/internal/repository/mock_Registry.go:27.24,29.4 1 1
github.com/audit-log-service/internal/repository/mock_Registry.go:32.2,32.11 1 1
github.com/audit-log-service/internal/repository/mock_Registry.go:40.18,44.19 3 1
github.com/audit-log-service/internal/repository/mock_Registry.go:44.19,44.49 1 1
github.com/audit-log-service/internal/repository/mock_Registry.go:46.2,46.13 1 1
github.com/audit-log-service/internal/repository/new.go:18.32,22.2 1 0
github.com/audit-log-service/internal/repository/registry.go:8.49,10.2 1 0
github.com/audit-log-service/internal/repository/mock_Registry.go:16.59,19.19 2 0
github.com/audit-log-service/internal/repository/mock_Registry.go:19.19,20.53 1 0
github.com/audit-log-service/internal/repository/mock_Registry.go:23.2,24.59 2 0
github.com/audit-log-service/internal/repository/mock_Registry.go:24.59,26.3 1 0
github.com/audit-log-service/internal/repository/mock_Registry.go:26.8,27.24 1 0
github.com/audit-log-service/internal/repository/mock_Registry.go:27.24,29.4 1 0
github.com/audit-log-service/internal/repository/mock_Registry.go:32.2,32.11 1 0
github.com/audit-log-service/internal/repository/mock_Registry.go:40.18,44.19 3 0
github.com/audit-log-service/internal/repository/mock_Registry.go:44.19,44.49 1 0
github.com/audit-log-service/internal/repository/mock_Registry.go:46.2,46.13 1 0
github.com/audit-log-service/internal/repository/new.go:18.32,22.2 1 0
github.com/audit-log-service/internal/repository/registry.go:8.49,10.2 1 0
github.com/audit-log-service/internal/handler/rest/authenticated/audit_handler.go:12.48,21.40 2 0
github.com/audit-log-service/internal/handler/rest/authenticated/audit_handler.go:21.40,23.3 1 0
github.com/audit-log-service/internal/handler/rest/authenticated/audit_handler.go:24.2,24.49 1 0
github.com/audit-log-service/internal/handler/rest/authenticated/audit_handler.go:24.49,26.3 1 0
github.com/audit-log-service/internal/handler/rest/authenticated/audit_handler.go:28.2,29.16 2 0
github.com/audit-log-service/internal/handler/rest/authenticated/audit_handler.go:29.16,32.3 2 0
github.com/audit-log-service/internal/handler/rest/authenticated/audit_handler.go:33.2,33.29 1 0
github.com/audit-log-service/internal/handler/rest/authenticated/audit_handler.go:37.43,38.43 1 0
github.com/audit-log-service/internal/handler/rest/authenticated/audit_handler.go:38.43,40.3 1 0
github.com/audit-log-service/internal/handler/rest/authenticated/audit_handler.go:41.2,41.12 1 0
github.com/audit-log-service/internal/handler/rest/authenticated/handler.go:15.11,19.2 1 0
github.com/audit-log-service/internal/model/audit_message.go:25.50,27.2 1 0
github.com/audit-log-service/internal/model/audit_message.go:30.51,33.16 3 0
github.com/audit-log-service/internal/model/audit_message.go:33.16,35.3 1 0
github.com/audit-log-service/internal/model/audit_message.go:36.2,36.18 1 0
github.com/audit-log-service/internal/model/audit_message.go:40.48,63.2 4 0
github.com/audit-log-service/internal/model/filter_criteria.go:19.40,20.20 1 0
github.com/audit-log-service/internal/model/filter_criteria.go:20.20,22.3 1 0
github.com/audit-log-service/internal/model/filter_criteria.go:23.2,23.11 1 0
github.com/audit-log-service/internal/model/filter_criteria.go:27.41,28.34 1 0
github.com/audit-log-service/internal/model/filter_criteria.go:28.34,30.3 1 0
github.com/audit-log-service/internal/model/filter_criteria.go:31.2,31.10 1 0
github.com/audit-log-service/internal/handler/kafka/consume_audit_log_message_event.go:12.104,15.16 3 1
github.com/audit-log-service/internal/handler/kafka/consume_audit_log_message_event.go:15.16,19.3 3 1
github.com/audit-log-service/internal/handler/kafka/consume_audit_log_message_event.go:20.2,22.12 3 1
github.com/audit-log-service/internal/handler/kafka/errors.go:6.45,7.13 1 0
github.com/audit-log-service/internal/handler/kafka/errors.go:8.10,9.13 1 0
github.com/audit-log-service/internal/handler/kafka/handler.go:13.52,17.2 1 1
github.com/audit-log-service/internal/model/audit_message.go:25.50,27.2 1 0
github.com/audit-log-service/internal/model/audit_message.go:30.51,33.16 3 0
github.com/audit-log-service/internal/model/audit_message.go:33.16,35.3 1 0
github.com/audit-log-service/internal/model/audit_message.go:36.2,36.18 1 0
github.com/audit-log-service/internal/model/audit_message.go:40.48,63.2 4 1
github.com/audit-log-service/internal/model/filter_criteria.go:19.40,20.20 1 0
github.com/audit-log-service/internal/model/filter_criteria.go:20.20,22.3 1 0
github.com/audit-log-service/internal/model/filter_criteria.go:23.2,23.11 1 0
github.com/audit-log-service/internal/model/filter_criteria.go:27.41,28.34 1 0
github.com/audit-log-service/internal/model/filter_criteria.go:28.34,30.3 1 0
github.com/audit-log-service/internal/model/filter_criteria.go:31.2,31.10 1 0
github.com/audit-log-service/internal/repository/mock_Registry.go:16.59,19.19 2 0
github.com/audit-log-service/internal/repository/mock_Registry.go:19.19,20.53 1 0
github.com/audit-log-service/internal/repository/mock_Registry.go:23.2,24.59 2 0
github.com/audit-log-service/internal/repository/mock_Registry.go:24.59,26.3 1 0
github.com/audit-log-service/internal/repository/mock_Registry.go:26.8,27.24 1 0
github.com/audit-log-service/internal/repository/mock_Registry.go:27.24,29.4 1 0
github.com/audit-log-service/internal/repository/mock_Registry.go:32.2,32.11 1 0
github.com/audit-log-service/internal/repository/mock_Registry.go:40.18,44.19 3 0
github.com/audit-log-service/internal/repository/mock_Registry.go:44.19,44.49 1 0
github.com/audit-log-service/internal/repository/mock_Registry.go:46.2,46.13 1 0
github.com/audit-log-service/internal/repository/new.go:18.32,22.2 1 0
github.com/audit-log-service/internal/repository/registry.go:8.49,10.2 1 0
github.com/audit-log-service/pkg/metrics/metrics.go:28.24,31.2 2 0
github.com/audit-log-service/pkg/kafka/consumer.go:12.85,14.36 2 0
github.com/audit-log-service/pkg/kafka/consumer.go:14.36,16.3 1 0
github.com/audit-log-service/pkg/kafka/consumer.go:18.2,25.16 7 0
github.com/audit-log-service/pkg/kafka/consumer.go:25.16,27.3 1 0
github.com/audit-log-service/pkg/kafka/consumer.go:29.2,29.22 1 0
github.com/audit-log-service/pkg/kafka/producer.go:20.69,28.16 7 0
github.com/audit-log-service/pkg/kafka/producer.go:28.16,30.3 1 0
github.com/audit-log-service/pkg/kafka/producer.go:32.2,35.8 1 0
github.com/audit-log-service/pkg/kafka/producer.go:39.72,41.16 2 0
github.com/audit-log-service/pkg/kafka/producer.go:41.16,43.3 1 0
github.com/audit-log-service/pkg/kafka/producer.go:45.2,53.16 3 0
github.com/audit-log-service/pkg/kafka/producer.go:53.16,55.3 1 0
github.com/audit-log-service/pkg/kafka/producer.go:57.2,58.12 2 0
github.com/audit-log-service/pkg/kafka/producer.go:62.34,64.2 1 0
github.com/audit-log-service/pkg/kafka/producer.go:67.65,70.34 2 0
github.com/audit-log-service/pkg/kafka/producer.go:70.34,72.3 1 0
github.com/audit-log-service/pkg/kafka/producer.go:73.2,74.32 2 0
github.com/audit-log-service/pkg/kafka/producer.go:74.32,76.3 1 0
github.com/audit-log-service/pkg/kafka/producer.go:77.2,89.36 2 0
github.com/audit-log-service/pkg/metrics/metrics.go:28.24,31.2 2 0
github.com/audit-log-service/internal/model/audit_message.go:25.50,27.2 1 0
github.com/audit-log-service/internal/model/audit_message.go:30.51,33.16 3 0
github.com/audit-log-service/internal/model/audit_message.go:33.16,35.3 1 0
github.com/audit-log-service/internal/model/audit_message.go:36.2,36.18 1 0
github.com/audit-log-service/internal/model/audit_message.go:40.48,63.2 4 0
github.com/audit-log-service/internal/model/filter_criteria.go:19.40,20.20 1 1
github.com/audit-log-service/internal/model/filter_criteria.go:20.20,22.3 1 0
github.com/audit-log-service/internal/model/filter_criteria.go:23.2,23.11 1 1
github.com/audit-log-service/internal/model/filter_criteria.go:27.41,28.34 1 1
github.com/audit-log-service/internal/model/filter_criteria.go:28.34,30.3 1 0
github.com/audit-log-service/internal/model/filter_criteria.go:31.2,31.10 1 1
github.com/audit-log-service/internal/repository/auditlog/get.go:11.107,13.32 2 1
github.com/audit-log-service/internal/repository/auditlog/get.go:13.32,15.3 1 1
github.com/audit-log-service/internal/repository/auditlog/get.go:16.2,16.29 1 1
github.com/audit-log-service/internal/repository/auditlog/get.go:16.29,18.3 1 1
github.com/audit-log-service/internal/repository/auditlog/get.go:19.2,19.27 1 1
github.com/audit-log-service/internal/repository/auditlog/get.go:19.27,21.3 1 1
github.com/audit-log-service/internal/repository/auditlog/get.go:22.2,22.33 1 1
github.com/audit-log-service/internal/repository/auditlog/get.go:22.33,24.3 1 1
github.com/audit-log-service/internal/repository/auditlog/get.go:25.2,25.31 1 1
github.com/audit-log-service/internal/repository/auditlog/get.go:25.31,27.3 1 1
github.com/audit-log-service/internal/repository/auditlog/get.go:28.2,28.38 1 1
github.com/audit-log-service/internal/repository/auditlog/get.go:28.38,30.3 1 0
github.com/audit-log-service/internal/repository/auditlog/get.go:31.2,31.36 1 1
github.com/audit-log-service/internal/repository/auditlog/get.go:31.36,33.3 1 0
github.com/audit-log-service/internal/repository/auditlog/get.go:34.2,36.45 3 1
github.com/audit-log-service/internal/repository/auditlog/get.go:36.45,38.3 1 0
github.com/audit-log-service/internal/repository/auditlog/get.go:39.2,39.18 1 1
github.com/audit-log-service/internal/repository/auditlog/insert.go:11.96,12.65 1 0
github.com/audit-log-service/internal/repository/auditlog/insert.go:12.65,14.3 1 0
github.com/audit-log-service/internal/repository/auditlog/insert.go:15.2,15.17 1 0
github.com/audit-log-service/internal/repository/auditlog/mock_Repository.go:18.118,21.19 2 0
github.com/audit-log-service/internal/repository/auditlog/mock_Repository.go:21.19,22.54 1 0
github.com/audit-log-service/internal/repository/auditlog/mock_Repository.go:25.2,27.102 3 0
github.com/audit-log-service/internal/repository/auditlog/mock_Repository.go:27.102,29.3 1 0
github.com/audit-log-service/internal/repository/auditlog/mock_Repository.go:30.2,30.93 1 0
github.com/audit-log-service/internal/repository/auditlog/mock_Repository.go:30.93,32.3 1 0
github.com/audit-log-service/internal/repository/auditlog/mock_Repository.go:32.8,33.24 1 0
github.com/audit-log-service/internal/repository/auditlog/mock_Repository.go:33.24,35.4 1 0
github.com/audit-log-service/internal/repository/auditlog/mock_Repository.go:38.2,38.82 1 0
github.com/audit-log-service/internal/repository/auditlog/mock_Repository.go:38.82,40.3 1 0
github.com/audit-log-service/internal/repository/auditlog/mock_Repository.go:40.8,42.3 1 0
github.com/audit-log-service/internal/repository/auditlog/mock_Repository.go:44.2,44.15 1 0
github.com/audit-log-service/internal/repository/auditlog/mock_Repository.go:48.107,51.19 2 0
github.com/audit-log-service/internal/repository/auditlog/mock_Repository.go:51.19,52.56 1 0
github.com/audit-log-service/internal/repository/auditlog/mock_Repository.go:55.2,57.94 3 0
github.com/audit-log-service/internal/repository/auditlog/mock_Repository.go:57.94,59.3 1 0
github.com/audit-log-service/internal/repository/auditlog/mock_Repository.go:60.2,60.85 1 0
github.com/audit-log-service/internal/repository/auditlog/mock_Repository.go:60.85,62.3 1 0
github.com/audit-log-service/internal/repository/auditlog/mock_Repository.go:62.8,64.3 1 0
github.com/audit-log-service/internal/repository/auditlog/mock_Repository.go:66.2,66.76 1 0
github.com/audit-log-service/internal/repository/auditlog/mock_Repository.go:66.76,68.3 1 0
github.com/audit-log-service/internal/repository/auditlog/mock_Repository.go:68.8,70.3 1 0
github.com/audit-log-service/internal/repository/auditlog/mock_Repository.go:72.2,72.15 1 0
github.com/audit-log-service/internal/repository/auditlog/mock_Repository.go:80.20,84.19 3 0
github.com/audit-log-service/internal/repository/auditlog/mock_Repository.go:84.19,84.49 1 0
github.com/audit-log-service/internal/repository/auditlog/mock_Repository.go:86.2,86.13 1 0
github.com/audit-log-service/internal/repository/auditlog/new.go:23.34,25.2 1 1
